// Vitest Snapshot v1, https://vitest.dev/guide/snapshot.html

exports[`VueRouterTab Plugin > should render the page 1`] = `
"<div>
  <!---->
</div>"
`;
